{
  "advanced.pattern" : "jar",
  "advanced.file" : "dx://dxCompiler_playground:/test_data/fileB",
  "advanced.species" : "Arctic fox"
}
