{
  "apps_700.input_bool" : false,
  "apps_700.input_string" : "string_given",
  "apps_700.input_int" : 1000,
  "apps_700.input_int_not_default_in_subworkflow2" : 10000
}