{
  "apps_1052_optional_block_inputs_wdl10.filesCount": 3
}
