{
  "apps_573.out": "1^I1$\n2\\t2$\n3\\^I3$\n4\\\\t4$"
}