{
  "apps_378.sample_names_out": ["a"],
  "apps_378.sample_types_out": ["foo"]
}