{
    "custom_entrypoint_wf.hello": "hello world"
}