{
    "docker_image_cache_unspecified.is_docker_image_cache_disk_mounted": false
}