{
    "docker_image_cache_false.is_docker_image_cache_disk_mounted": false
}