{
  "dynamic_docker_image.docker_dxfile" : "dx:///ubuntu-bionic.tar"
}