{
  "empty_array.greetings": [],
  "empty_array.num_names": 0
}