{
    "file_evaluator_identifier_lookups.stage-2.zero": "ZERO",
    "file_evaluator_identifier_lookups.stage-1.left": "LEFT",
    "file_evaluator_identifier_lookups.stage-1.right": "RIGHT",
    "file_evaluator_identifier_lookups.stage-0.id": "OK",
    "file_evaluator_identifier_lookups.stage-2.one": "ONE"
}