{
  "files_with_the_same_name.in_files" : [ "dx://project-Fy9QqgQ0yzZbg9KXKP4Jz6Yq:file-FGzzpkQ0ffPJX74548Vp6670",
                                          "dx://project-Fy9QqgQ0yzZbg9KXKP4Jz6Yq:file-FGqFJZ80ffP18q5YGz9jGzzQ",
                                          "dx://project-Fy9QqgQ0yzZbg9KXKP4Jz6Yq:file-FGqFJP00ffPJ6gbzGzV7208k"]
}
