{
  "nested_optional.outstr": "hello",
  "nested_optional.outstr2": "hello"
}