{
    "output_filename_interpolation_wf.output_filename_interpolation.a": "a", 
    "output_filename_interpolation_wf.output_filename_interpolation.b": "b", 
    "output_filename_interpolation_wf.output_filename_interpolation.c": "c"
}