{
    "cpus.broadwell.cpuPlatform": "Intel Broadwell", 
    "cpus.haswell.cpuPlatform": "Intel Haswell"
}