{
    "filepassing.consumeFile.contentsAlt": "small file contents", 
    "filepassing.consumeFile.contents": "small file contents"
}