{
    "simple_if.runMeTrue.s": "done", 
    "simple_if.runMeFalse.s": null
}