{
    "simple_if_workflow_outputs.rmf": null,
    "simple_if_workflow_outputs.rmt": "done"
}