{
    "single_to_array_conversion.stage-2.listFiles___result": "hello"
}