{
    "streaming_inputs.f1": "dx://dxCompiler_playground:/test_data/f1.txt.gz",
    "streaming_inputs.f2": "dx://dxCompiler_playground:/test_data/f2.txt.gz"
}