{
    "main_workflow.main_output": "Hello sub world!"
}