{
    "subworkflow_with_task.res_string_subtask_input": "test-string-2"
}