{
  "upload_workflow_files.qux": "qux",
  "upload_workflow_files.hello": "hello",
  "upload_workflow_files.world": "world",
  "upload_workflow_files.bar": "bar"
}