{
  "wf_with_input_expressions.f": "dx://project-Fy9QqgQ0yzZbg9KXKP4Jz6Yq:file-Fgv1zP00ffP0FVk59X8j9zBX"
}