{
  "wf_with_input_expressions.x1": "X.txt",
  "wf_with_input_expressions.x2": "X.txt"
}