{
    "w.qux": "qux", 
    "w.hello": "hello", 
    "w.world": "world", 
    "w.bar": "bar"
}