{
  "write_lines_bug.files": [
    "dx://dxCompiler_playground:/test_data/fileA",
    "dx://dxCompiler_playground:/test_data/fileB"
  ]
}